
> filosofi-yogya@0.1.0 build
> next build

   ▲ Next.js 15.5.6
   - Environments: .env.local

